[32minfo[39m: Database connected successfully {"timestamp":"2026-08-18T04:02:54.831Z"}
[32minfo[39m: Server running on port 5000 [development] {"timestamp":"2026-08-18T04:02:54.835Z"}
[32minfo[39m: Client URL: http://localhost:5173 {"timestamp":"2026-08-18T04:02:54.836Z"}
[32minfo[39m: ::1 - - [18/Aug/2026:04:02:57 +0000] "GET /api/health HTTP/1.1" 200 87 "-" "Mozilla/5.0 (Windows NT; Windows NT 10.0; en-IN) WindowsPowerShell/5.1.26100.9168" {"timestamp":"2026-08-18T04:02:57.305Z"}
prisma:query SELECT "public"."users"."id", "public"."users"."name", "public"."users"."email", "public"."users"."mobile", "public"."users"."passwordHash", "public"."users"."role"::text, "public"."users"."status"::text, "public"."users"."createdAt", "public"."users"."updatedAt", "public"."users"."lastLoginAt" FROM "public"."users" WHERE ("public"."users"."email" = $1 AND 1=1) LIMIT $2 OFFSET $3
prisma:query UPDATE "public"."users" SET "lastLoginAt" = $1, "updatedAt" = $2 WHERE ("public"."users"."id" = $3 AND 1=1) RETURNING "public"."users"."id", "public"."users"."name", "public"."users"."email", "public"."users"."mobile", "public"."users"."passwordHash", "public"."users"."role"::text, "public"."users"."status"::text, "public"."users"."createdAt", "public"."users"."updatedAt", "public"."users"."lastLoginAt"
prisma:query INSERT INTO "public"."audit_logs" ("id","userId","action","description","ipAddress","userAgent","createdAt") VALUES ($1,$2,$3,$4,$5,$6,$7) RETURNING "public"."audit_logs"."id", "public"."audit_logs"."userId", "public"."audit_logs"."submissionId", "public"."audit_logs"."action", "public"."audit_logs"."description", "public"."audit_logs"."ipAddress", "public"."audit_logs"."userAgent", "public"."audit_logs"."createdAt"
[32minfo[39m: ::1 - - [18/Aug/2026:04:10:33 +0000] "POST /api/auth/login HTTP/1.1" 200 621 "-" "Mozilla/5.0 (Windows NT; Windows NT 10.0; en-IN) WindowsPowerShell/5.1.26100.9168" {"timestamp":"2026-08-18T04:10:33.329Z"}
prisma:query SELECT "public"."users"."id", "public"."users"."role"::text, "public"."users"."status"::text FROM "public"."users" WHERE ("public"."users"."id" = $1 AND 1=1) LIMIT $2 OFFSET $3
prisma:query SELECT COUNT(*) FROM (SELECT "public"."submissions"."id" FROM "public"."submissions" WHERE 1=1 OFFSET $1) AS "sub"
prisma:query SELECT COUNT(*) FROM (SELECT "public"."submissions"."id" FROM "public"."submissions" WHERE "public"."submissions"."status" = CAST($1::text AS "public"."SubmissionStatus") OFFSET $2) AS "sub"
prisma:query SELECT COUNT(*) FROM (SELECT "public"."users"."id" FROM "public"."users" WHERE "public"."users"."role" = CAST($1::text AS "public"."Role") OFFSET $2) AS "sub"
prisma:query SELECT COUNT(*) FROM (SELECT "public"."submissions"."id" FROM "public"."submissions" WHERE "public"."submissions"."status" = CAST($1::text AS "public"."SubmissionStatus") OFFSET $2) AS "sub"
prisma:query SELECT COUNT(*) FROM (SELECT "public"."submissions"."id" FROM "public"."submissions" WHERE "public"."submissions"."status" = CAST($1::text AS "public"."SubmissionStatus") OFFSET $2) AS "sub"
prisma:query SELECT COUNT(*) FROM (SELECT "public"."submissions"."id" FROM "public"."submissions" WHERE "public"."submissions"."status" = CAST($1::text AS "public"."SubmissionStatus") OFFSET $2) AS "sub"
prisma:query SELECT COUNT(*) FROM (SELECT "public"."submissions"."id" FROM "public"."submissions" WHERE "public"."submissions"."status" = CAST($1::text AS "public"."SubmissionStatus") OFFSET $2) AS "sub"
[32minfo[39m: ::1 - - [18/Aug/2026:04:10:33 +0000] "GET /api/admin/stats HTTP/1.1" 200 148 "-" "Mozilla/5.0 (Windows NT; Windows NT 10.0; en-IN) WindowsPowerShell/5.1.26100.9168" {"timestamp":"2026-08-18T04:10:33.475Z"}
prisma:query SELECT "public"."users"."id", "public"."users"."role"::text, "public"."users"."status"::text FROM "public"."users" WHERE ("public"."users"."id" = $1 AND 1=1) LIMIT $2 OFFSET $3
[32minfo[39m: Finanvo: authenticated successfully {"timestamp":"2026-08-18T04:10:34.015Z"}
[32minfo[39m: ::1 - - [18/Aug/2026:04:10:34 +0000] "GET /api/mca/company/search?q=ADVENTAWAITS HTTP/1.1" 200 133 "-" "Mozilla/5.0 (Windows NT; Windows NT 10.0; en-IN) WindowsPowerShell/5.1.26100.9168" {"timestamp":"2026-08-18T04:10:34.169Z"}
